<html>
<body>
<pre>
<h1>µVision3 Build Log</h1>
<h2>Project:</h2>
C:\Users\ZXZ\Desktop\gpio\USER\gpio.uv2
Project File Date:  06/18/2013

<h2>Output:</h2>
Build target 'Target 1'
compiling gpio.c...
gpio.c(46): error:  #65: expected a ";"
compiling timer.c...
compiling hc4051.c...
..\HARDWARE\HC4051\hc4051.c(59): warning:  #177-D: variable "i" was declared but never referenced
Target not created
Build target 'Target 1'
compiling gpio.c...
compiling hc4051.c...
linking...
Program Size: Code=10388 RO-data=444 RW-data=24 ZI-data=672  
FromELF: creating hex file...
"gpio.axf" - 0 Error(s), 0 Warning(s).
Build target 'Target 1'
assembling STM32F10x.s...
compiling gpio.c...
compiling delay.c...
compiling sys.c...
compiling usart.c...
compiling key.c...
compiling led.c...
compiling adc.c...
compiling timer.c...
compiling hc4051.c...
linking...
Program Size: Code=10388 RO-data=444 RW-data=24 ZI-data=672  
FromELF: creating hex file...
"gpio.axf" - 0 Error(s), 0 Warning(s).
Load "C:\\Users\\ZXZ\\Desktop\\gpio\\USER\\gpio.AXF" 

JLink info:
-----------
DLL: V4.08b, compiled Jun 30 2009 19:10:31
Firmware: J-Link ARM V8 compiled Jan 31 2011 18:34:52
Hardware: V8.00
S/N : 20100213 
Feature(s) : RDI,FlashDL,FlashBP,JFlash,GDBFULL 
---
* JLink Info: Found SWD-DP with ID 0x1BA01477
* JLink Info: TPIU fitted.
* JLink Info:   FPUnit: 6 code (BP) slots and 2 literal slots

Target info:
------------
Device: STM32F103C8
VTarget = 3.222V
State of Pins: 
TCK: 0, TDI: 0, TDO: 0, TMS: 0, TRES: 1, TRST: 1
* JLink Info: Found SWD-DP with ID 0x1BA01477
* JLink Info: TPIU fitted.
* JLink Info:   FPUnit: 6 code (BP) slots and 2 literal slots
Hardware-Breakpoints: 6
Software-Breakpoints: 2048
Watchpoints:          4
JTAG speed: 2000 kHz
---
* JLink Info: Found SWD-DP with ID 0x1BA01477
* JLink Info: TPIU fitted.
* JLink Info:   FPUnit: 6 code (BP) slots and 2 literal slots
Erase Done.
Programming Done.
Verify OK.
* JLink Info: Found SWD-DP with ID 0x1BA01477
* JLink Info: TPIU fitted.
* JLink Info:   FPUnit: 6 code (BP) slots and 2 literal slots
Application running ...
Build target 'Target 1'
compiling hc4051.c...
linking...
Program Size: Code=10388 RO-data=444 RW-data=24 ZI-data=672  
FromELF: creating hex file...
"gpio.axf" - 0 Error(s), 0 Warning(s).
Build target 'Target 1'
assembling STM32F10x.s...
compiling gpio.c...
compiling delay.c...
compiling sys.c...
compiling usart.c...
compiling key.c...
compiling led.c...
compiling adc.c...
compiling timer.c...
compiling hc4051.c...
linking...
Program Size: Code=10388 RO-data=444 RW-data=24 ZI-data=672  
FromELF: creating hex file...
"gpio.axf" - 0 Error(s), 0 Warning(s).
Load "C:\\Users\\ZXZ\\Desktop\\gpio\\USER\\gpio.AXF" 

JLink info:
-----------
DLL: V4.08b, compiled Jun 30 2009 19:10:31
Firmware: J-Link ARM V8 compiled Jan 31 2011 18:34:52
Hardware: V8.00
S/N : 20100213 
Feature(s) : RDI,FlashDL,FlashBP,JFlash,GDBFULL 
---
* JLink Info: Found SWD-DP with ID 0x1BA01477
* JLink Info: TPIU fitted.
* JLink Info:   FPUnit: 6 code (BP) slots and 2 literal slots

Target info:
------------
Device: STM32F103C8
VTarget = 3.222V
State of Pins: 
TCK: 0, TDI: 0, TDO: 0, TMS: 0, TRES: 1, TRST: 1
* JLink Info: Found SWD-DP with ID 0x1BA01477
* JLink Info: TPIU fitted.
* JLink Info:   FPUnit: 6 code (BP) slots and 2 literal slots
Hardware-Breakpoints: 6
Software-Breakpoints: 2048
Watchpoints:          4
JTAG speed: 2000 kHz
---
* JLink Info: Found SWD-DP with ID 0x1BA01477
* JLink Info: TPIU fitted.
* JLink Info:   FPUnit: 6 code (BP) slots and 2 literal slots
Erase Done.
Programming Done.
Verify OK.
* JLink Info: Found SWD-DP with ID 0x1BA01477
* JLink Info: TPIU fitted.
* JLink Info:   FPUnit: 6 code (BP) slots and 2 literal slots
Application running ...
Build target 'Target 1'
compiling gpio.c...
linking...
Program Size: Code=10388 RO-data=444 RW-data=24 ZI-data=672  
FromELF: creating hex file...
"gpio.axf" - 0 Error(s), 0 Warning(s).
Build target 'Target 1'
linking...
Program Size: Code=10388 RO-data=444 RW-data=24 ZI-data=672  
FromELF: creating hex file...
"gpio.axf" - 0 Error(s), 0 Warning(s).
Build target 'Target 1'
assembling STM32F10x.s...
compiling gpio.c...
compiling delay.c...
compiling sys.c...
compiling usart.c...
compiling key.c...
compiling led.c...
compiling adc.c...
compiling timer.c...
compiling hc4051.c...
linking...
Program Size: Code=10388 RO-data=444 RW-data=24 ZI-data=672  
FromELF: creating hex file...
"gpio.axf" - 0 Error(s), 0 Warning(s).
Load "C:\\Users\\ZXZ\\Desktop\\gpio\\USER\\gpio.AXF" 

JLink info:
-----------
DLL: V4.08b, compiled Jun 30 2009 19:10:31
Firmware: J-Link ARM V8 compiled Jan 31 2011 18:34:52
Hardware: V8.00
S/N : 20100213 
Feature(s) : RDI,FlashDL,FlashBP,JFlash,GDBFULL 
---
* JLink Info: Found SWD-DP with ID 0x1BA01477
* JLink Info: TPIU fitted.
* JLink Info:   FPUnit: 6 code (BP) slots and 2 literal slots

Target info:
------------
Device: STM32F103C8
VTarget = 3.222V
State of Pins: 
TCK: 0, TDI: 0, TDO: 0, TMS: 0, TRES: 1, TRST: 1
* JLink Info: Found SWD-DP with ID 0x1BA01477
* JLink Info: TPIU fitted.
* JLink Info:   FPUnit: 6 code (BP) slots and 2 literal slots
Hardware-Breakpoints: 6
Software-Breakpoints: 2048
Watchpoints:          4
JTAG speed: 2000 kHz
---
* JLink Info: Found SWD-DP with ID 0x1BA01477
* JLink Info: TPIU fitted.
* JLink Info:   FPUnit: 6 code (BP) slots and 2 literal slots
Erase Done.
Programming Done.
Verify OK.
* JLink Info: Found SWD-DP with ID 0x1BA01477
* JLink Info: TPIU fitted.
* JLink Info:   FPUnit: 6 code (BP) slots and 2 literal slots
Application running ...
Build target 'Target 1'
compiling gpio.c...
linking...
Program Size: Code=10384 RO-data=444 RW-data=24 ZI-data=672  
FromELF: creating hex file...
"gpio.axf" - 0 Error(s), 0 Warning(s).
Build target 'Target 1'
assembling STM32F10x.s...
compiling gpio.c...
compiling delay.c...
compiling sys.c...
compiling usart.c...
compiling key.c...
compiling led.c...
compiling adc.c...
compiling timer.c...
compiling hc4051.c...
linking...
Program Size: Code=10384 RO-data=444 RW-data=24 ZI-data=672  
FromELF: creating hex file...
"gpio.axf" - 0 Error(s), 0 Warning(s).
Load "C:\\Users\\ZXZ\\Desktop\\gpio\\USER\\gpio.AXF" 

JLink info:
-----------
DLL: V4.08b, compiled Jun 30 2009 19:10:31
Firmware: J-Link ARM V8 compiled Jan 31 2011 18:34:52
Hardware: V8.00
S/N : 20100213 
Feature(s) : RDI,FlashDL,FlashBP,JFlash,GDBFULL 
---
* JLink Info: Found SWD-DP with ID 0x1BA01477
* JLink Info: TPIU fitted.
* JLink Info:   FPUnit: 6 code (BP) slots and 2 literal slots

Target info:
------------
Device: STM32F103C8
VTarget = 3.215V
State of Pins: 
TCK: 0, TDI: 0, TDO: 0, TMS: 0, TRES: 1, TRST: 1
* JLink Info: Found SWD-DP with ID 0x1BA01477
* JLink Info: TPIU fitted.
* JLink Info:   FPUnit: 6 code (BP) slots and 2 literal slots
Hardware-Breakpoints: 6
Software-Breakpoints: 2048
Watchpoints:          4
JTAG speed: 2000 kHz
---
* JLink Info: Found SWD-DP with ID 0x1BA01477
* JLink Info: TPIU fitted.
* JLink Info:   FPUnit: 6 code (BP) slots and 2 literal slots
Erase Done.
Programming Done.
Verify OK.
* JLink Info: Found SWD-DP with ID 0x1BA01477
* JLink Info: TPIU fitted.
* JLink Info:   FPUnit: 6 code (BP) slots and 2 literal slots
Application running ...
Build target 'Target 1'
compiling gpio.c...
gpio.c(14): warning:  #177-D: variable "chose_hc4051" was declared but never referenced
linking...
Program Size: Code=10376 RO-data=444 RW-data=24 ZI-data=672  
FromELF: creating hex file...
"gpio.axf" - 0 Error(s), 1 Warning(s).
Build target 'Target 1'
assembling STM32F10x.s...
compiling gpio.c...
gpio.c(14): warning:  #177-D: variable "chose_hc4051" was declared but never referenced
compiling delay.c...
compiling sys.c...
compiling usart.c...
compiling key.c...
compiling led.c...
compiling adc.c...
compiling timer.c...
compiling hc4051.c...
linking...
Program Size: Code=10376 RO-data=444 RW-data=24 ZI-data=672  
FromELF: creating hex file...
"gpio.axf" - 0 Error(s), 1 Warning(s).
Build target 'Target 1'
assembling STM32F10x.s...
compiling gpio.c...
gpio.c(14): warning:  #177-D: variable "chose_hc4051" was declared but never referenced
compiling delay.c...
compiling sys.c...
compiling usart.c...
compiling key.c...
compiling led.c...
compiling adc.c...
compiling timer.c...
compiling hc4051.c...
linking...
Program Size: Code=10376 RO-data=444 RW-data=24 ZI-data=672  
FromELF: creating hex file...
"gpio.axf" - 0 Error(s), 1 Warning(s).
Load "C:\\Users\\ZXZ\\Desktop\\gpio\\USER\\gpio.AXF" 

JLink info:
-----------
DLL: V4.08b, compiled Jun 30 2009 19:10:31
Firmware: J-Link ARM V8 compiled Jan 31 2011 18:34:52
Hardware: V8.00
S/N : 20100213 
Feature(s) : RDI,FlashDL,FlashBP,JFlash,GDBFULL 
---
* JLink Info: Found SWD-DP with ID 0x1BA01477
* JLink Info: TPIU fitted.
* JLink Info:   FPUnit: 6 code (BP) slots and 2 literal slots

Target info:
------------
Device: STM32F103C8
VTarget = 3.215V
State of Pins: 
TCK: 0, TDI: 0, TDO: 0, TMS: 0, TRES: 1, TRST: 1
* JLink Info: Found SWD-DP with ID 0x1BA01477
* JLink Info: TPIU fitted.
* JLink Info:   FPUnit: 6 code (BP) slots and 2 literal slots
Hardware-Breakpoints: 6
Software-Breakpoints: 2048
Watchpoints:          4
JTAG speed: 2000 kHz
---
* JLink Info: Found SWD-DP with ID 0x1BA01477
* JLink Info: TPIU fitted.
* JLink Info:   FPUnit: 6 code (BP) slots and 2 literal slots
Erase Done.
Programming Done.
Verify OK.
* JLink Info: Found SWD-DP with ID 0x1BA01477
* JLink Info: TPIU fitted.
* JLink Info:   FPUnit: 6 code (BP) slots and 2 literal slots
Application running ...
